error: bits.vy:3:9: '&' works on ints, got float and int
error: bits.vy:4:9: '|' works on ints, got int and float
error: bits.vy:5:14: '^' works on ints, got str and int
error: bits.vy:6:9: '<<' works on ints, got float and int
error: bits.vy:7:7: '~' needs an int, got float
error: bits.vy:8:7: '~' needs an int, got str
error: bits.vy:12:13: '&' works on ints, got int and bool - comparison binds tighter than '&', so you probably want parentheses
error: bits.vy:16:1: &= needs an int, but "g" is float
error: bits.vy:17:1: <<= needs an int, but "g" is float
error: bits.vy:19:1: |= needs an int, got float
error: bits.vy:23:7: cannot match on []int - match compares values, so it needs an int, float, str or bool
error: bits.vy:29:5: this match is on int, but this arm compares against str
error: bits.vy:36:5: this value is already handled by an earlier arm
veyl: 13 error(s)
