error: collections.vl:2:9: cannot tell what kind of list this is - annotate it, as in: let xs: []int = []
error: collections.vl:3:9: cannot tell what kind of map this is - annotate it, as in: let m: {str: int} = {}
error: collections.vl:6:13: this list holds int, but element 2 is str
error: collections.vl:7:23: this map holds int, but value 2 is str
error: collections.vl:10:10: a map key must be str or int, got bool
error: collections.vl:14:12: a list index must be int, got str
error: collections.vl:16:9: this map has str keys, got int
error: collections.vl:17:14: cannot index a str - use charAt(s, i) or substr(s, a, b)
error: collections.vl:20:17: this list holds str, but element 1 is int
error: collections.vl:23:12: push expects int here, got str
error: collections.vl:26:6: push changes the list, so its first argument must be a variable, a field, or an element
error: collections.vl:29:11: sum needs a list of numbers, got []str
error: collections.vl:30:12: sort needs a list of numbers or strings, got [][]int
error: collections.vl:31:13: first expects a list, got str
error: collections.vl:32:12: keys expects a map, got []int
error: collections.vl:33:11: has expects a map, got []int
error: collections.vl:36:1: cannot iterate int
error: collections.vl:39:1: iterating a map binds two names, as in: for key, value in m { ... }
error: collections.vl:42:1: cannot iterate a str directly - use chars(...) or split(...)
veyl: 19 error(s)
