error: functions.vl:6:1: "f" is declared as fn(str) -> str but the value is fn(int) -> int
error: functions.vl:10:8: n is int, which cannot be called
error: functions.vl:14:8: g expects 1 argument, got 0
error: functions.vl:15:8: g expects 1 argument, got 2
error: functions.vl:16:9: g expects int for argument 1, got str
error: functions.vl:20:17: map expects a function here, got int
error: functions.vl:21:17: map passes int to its function, but it takes str
error: functions.vl:22:17: map expects a function taking 1 argument, got one taking 2
error: functions.vl:23:17: map needs a function that returns something - use each(...) to just do work
error: functions.vl:24:20: filter needs a function returning bool, got one returning int
error: functions.vl:25:20: sortBy expects a function taking 2 arguments, got one taking 1
error: functions.vl:26:24: reduce passes str to its function, but it takes int
veyl: 12 error(s)
