doubled [10, 6, 16, 2, 18, 4]
labelled ["#5", "#3", "#8", "#1", "#9", "#2"]
big [5, 8, 9]
short ["pear", "fig", "kiwi"]
total 28
initials pfbk
by size ["fig", "pear", "kiwi", "banana"]
descending [9, 8, 5, 3, 2, 1]
original untouched [5, 3, 8, 1, 9, 2]
any big true
all positive true
all big false
PEAR FIG BANANA KIWI 
odd squares summed 116
evens [8, 2] negated [-5, -3, -8, -1, -9, -2]
youngest ada oldest grace
names ["grace", "ada", "alan"]
over cutoff [5, 8, 9]
