[3, 1, 2] ["beta", "alpha"] [1, 2.5, 3]
empty [] len 0
after push [10, 20, 30]
popped 30, now [10, 20]
nums[0] = 3
after write [99, 1, 2]
after += [100, 1, 2]
sorted [1, 2, 100] original [100, 1, 2]
reversed ["alpha", "beta"]
slice [1, 2]
first 100 last 2
sum 10
join beta | alpha
contains true true
indexOf 1 2
inserted ["a", "b", "c"]
removed a, left ["b", "c"]
cleared [] len 0
beta alpha 
0=beta 1=alpha 
grid [[1, 2], [3, 4]] grid[1][0] 3
after nested write [[1, 9], [3, 4]]
split ["a", "b", "c"]
chars ["h", "e", "y"]
lines 2
total 18
evens [0, 2, 4, 6, 8]
