origin (0, 0) p (3, 4) q (2, 1)
p.x is 3, length 5
after write, length 7.211102550927978
after scale (3, 2)
copied (3, 2) original (99, 2)
hi, ada, adult? false
now 18, adult? true, tags ["maths", "computing"]
  hi, alan (41)
  hi, grace (45)
first is alan, method on element: hi, alan
alan is now 42
  a -> (1, 0) length 1
  b -> (0, 2) length 2
midpoint (2, 3)
length of a fresh point 5
segment (0, 0) to (3, 4)
after nested write (6, 4)
direct Point{x: 99, y: 2}
in a list [User{name: "alan", age: 42, tags: []}, User{name: "grace", age: 45, tags: []}]
str() gives Point{x: 2, y: 3}
plain identifier condition still parses
parenthesised struct literal in a condition works
