lines in the log 3
backslash is literal 4 vs escaped 3
braces are literal {not interpolated}
has errors true
first date 2024-01-15
all dates ["2024-01-15", "2024-01-16", "2024-01-17"]
error count 2
groups ["2024", "01", "15"]
no match gives nothing []
replaced x PROBLEM y
split ["a", "b", "c", "d"]
valid true invalid false
escaped 2 unescaped 5
loop matched 100
md5 900150983cd24fb0d6963f7d28e17f72
sha1 a9993e364706816aba3e25717850c26c9cd0d89d
sha256 ba7816bf8f01cfea414140de5dae2223b00361a396177a9cb410ff61f20015ad
sha512 starts ddaf35a193617aba
crc32 891568578
empty sha256 starts e3b0c44298fc1c14
base64 aGVsbG8sIHdvcmxk back hello, world
hex 68656c6c6f2c20776f726c64 back hello, world
bad base64 fails false
bad hex fails false
file matches string true
missing file fails false
rows 3 header ["name", "age", "city"]
second row ["ada", "36", "London"] age 36
round trip true
ragged [["a", "b", "c"], ["d", "e"]]
saved and read true
missing csv fails false
