encoded {"name":"ada","age":36,"height":1.7,"active":true,"tags":["maths","computing"],"address":{"city":"London","zip":"NW1"}}
decoded ada 36 London ["maths", "computing"]
identical true
pretty spans 14 lines
pretty round-trips true
list [1,2,3]
map {"a":1,"b":2}
list of structs [{"city":"Paris","zip":"75"}]
nums [4, 5, 6] sum 15
scores {"x": 1, "y": 2}
name ada
age 36
height 1.7
active true
city London
first tag maths
tag count 2
keys ["active", "address", "age", "height", "name", "tags"]
nested object comes back as json {"city":"London","zip":"NW1"}
missing str is empty true
missing int 0
has true false
valid true false
fallback default
team founders has 2, second is alan
path into a list of objects: alan
