ages {"ada": 36, "alan": 41}
scores {"half": 0.5, "pi": 3.14}
ada is 36
after edits {"ada": 37, "alan": 42}
missing 0 has false true
keys ["ada", "alan"] values [37, 42] len 2
after remove {"ada": 37} len 1
squares {1: 1, 2: 4, 3: 9, 4: 16}
ada=37 
1:1 2:4 3:9 4:16 
groups {"fruit": ["apple", "pear", "plum"], "veg": ["leek"]}
fruit count 3 second pear
tally {"a": 3, "b": 1, "c": 1}
cleared {} len 0
