error: json.vy:7:20: json.decode needs to know what to decode into, and it can fail - annotate the variable, as in: let p: Point! = json.decode(text)
error: json.vy:11:27: json.decode needs to know what to decode into, and it can fail - annotate the variable, as in: let p: Point! = json.decode(text)
error: json.vy:12:8: Point has no field called "z" - it has: x, y
error: json.vy:15:16: json.get expects str for argument 1, got int
error: json.vy:15:19: json.get expects str for argument 2, got int
error: json.vy:16:21: json.decodeOr expects str here, got int
error: json.vy:20:16: json.get expects str for argument 1, got int
veyl: 7 error(s)
