error: nullable.qz:5:13: ?int might be nil — check it first with 'if maybe != nil'
error: nullable.qz:6:13: ?int might be nil — check it first with 'if maybe != nil'
error: nullable.qz:7:13: ?int might be nil — check it first with 'if maybe != nil'
error: nullable.qz:10:1: "bad" is declared as int but the value is nil
error: nullable.qz:11:1: cannot assign nil to "plain", which is int
error: nullable.qz:14:10: int can never be nil, so this comparison is always true
error: nullable.qz:22:16: needsInt expects int for "n", got ?int
error: nullable.qz:25:5: function "givesInt" returns int but this returns ?int
error: nullable.qz:32:13: ?int might be nil — check it first with 'if maybe != nil'
error: nullable.qz:36:17: ?int might be nil — check it first with 'if maybe != nil'
error: nullable.qz:40:1: cannot tell what "nothing" can hold — annotate it, as in: let nothing: ?int = nil
error: nullable.qz:43:1: "wrong" is declared as ?str but the value is int
error: nullable.qz:47:25: ?int might be nil — put it in a variable and check that for nil first
quartz: 13 error(s)
