error: private.vy:4:13: "secret" is private to geometry.vy - mark it 'pub fn secret' to use it from another file
error: private.vy:5:7: "fudge" is private to geometry.vy - mark it 'pub const fudge' to use it from another file
error: private.vy:9:9: struct "Hidden" is private to hidden.vy - mark it 'pub struct Hidden' to use it from another file
error: private.vy:10:17: "usesHidden" is private to hidden.vy - mark it 'pub fn usesHidden' to use it from another file
veyl: 4 error(s)
