{"apple": 1, "fig": 2, "pear": 3}
3
1
3
0
{"apple": 1, "banana": 9, "fig": 2, "pear": 3}
4
{"apple": 100, "banana": 9, "fig": 2, "pear": 3}
4
19
49
0
0
{2: "n2", 3: "n3", 4: "n4", 5: "n5"}
{}
0
{"off": false, "on": true}
{"half": 0.5, "quarter": 0.25}
{1: "one", 2: "two"}
one

104
["ada", "bo", "cy"]
[36, 24, 51]
true
false
ada scored 36
bo scored 24
cy scored 51
{"a": 3, "b": 1, "c": 1}
{"ada": 36, "cy": 51}
2
{}
{-9223372036854775807: "min", 0: "zero", 9223372036854775807: "max"}
[-9223372036854775807, 0, 9223372036854775807]
